../Drivers/CMSIS/Include/core_cm4.h:1939:34:__NVIC_SystemReset	4	static,ignoring_inline_asm
../Core/Src/main.c:78:5:main	144	static
../Core/Src/main.c:181:6:SystemClock_Config	88	static
../Core/Src/main.c:229:13:MX_USART2_UART_Init	8	static
../Core/Src/main.c:262:13:MX_GPIO_Init	48	static
../Core/Src/main.c:305:6:StartDefaultTask	24	static
../Core/Src/main.c:335:6:StartBlinkLED2	16	static
../Core/Src/main.c:354:6:StartWatchdogFeeder	24	static
../Core/Src/main.c:385:6:StartWatchdog	24	static
../Core/Src/main.c:410:6:HAL_TIM_PeriodElapsedCallback	16	static
../Core/Src/main.c:427:6:Error_Handler	4	static,ignoring_inline_asm
